/home/guille/anaconda3/envs/guille/delphyne/examples/omphalos/tools/reports/ace_capacity_replay.py
  /home/guille/anaconda3/envs/guille/delphyne/examples/omphalos/tools/reports/ace_capacity_replay.py:97:13 - error: Type of "append" is partially unknown
    Type of "append" is "(object: Unknown, /) -> None" (reportUnknownMemberType)
  /home/guille/anaconda3/envs/guille/delphyne/examples/omphalos/tools/reports/ace_capacity_replay.py:98:20 - error: Argument type is partially unknown
    Argument corresponds to parameter "obj" in function "len"
    Argument type is "list[Unknown]" (reportUnknownArgumentType)
  /home/guille/anaconda3/envs/guille/delphyne/examples/omphalos/tools/reports/ace_capacity_replay.py:99:52 - error: Argument type is partially unknown
    Argument corresponds to parameter "obj" in function "len"
    Argument type is "list[Unknown]" (reportUnknownArgumentType)
  /home/guille/anaconda3/envs/guille/delphyne/examples/omphalos/tools/reports/ace_capacity_replay.py:100:51 - error: Argument type is partially unknown
    Argument corresponds to parameter "obj" in function "len"
    Argument type is "list[Unknown]" (reportUnknownArgumentType)
  /home/guille/anaconda3/envs/guille/delphyne/examples/omphalos/tools/reports/ace_capacity_replay.py:100:86 - error: Argument type is partially unknown
    Argument corresponds to parameter "results" in function "__init__"
    Argument type is "list[Unknown]" (reportUnknownArgumentType)
/home/guille/anaconda3/envs/guille/delphyne/examples/omphalos/tools/reports/ace_capacity_report.py
  /home/guille/anaconda3/envs/guille/delphyne/examples/omphalos/tools/reports/ace_capacity_report.py:80:9 - error: Type of "answers" is partially unknown
    Type of "answers" is "Unknown | Any | list[Unknown]" (reportUnknownVariableType)
  /home/guille/anaconda3/envs/guille/delphyne/examples/omphalos/tools/reports/ace_capacity_report.py:80:19 - error: Type of "get" is partially unknown
    Type of "get" is "Any | Overload[(key: Unknown, default: None = None, /) -> (Unknown | None), (key: Unknown, default: Unknown, /) -> Unknown, (key: Unknown, default: _T@get, /) -> (Unknown | _T@get)]" (reportUnknownMemberType)
  /home/guille/anaconda3/envs/guille/delphyne/examples/omphalos/tools/reports/ace_capacity_report.py:83:20 - error: Type of "get" is partially unknown
    Type of "get" is "Unknown | Any" (reportUnknownMemberType)
  /home/guille/anaconda3/envs/guille/delphyne/examples/omphalos/tools/reports/ace_capacity_report.py:83:20 - error: Argument type is partially unknown
    Argument corresponds to parameter "object" in function "__new__"
    Argument type is "Unknown | Any" (reportUnknownArgumentType)
  /home/guille/anaconda3/envs/guille/delphyne/examples/omphalos/tools/reports/ace_capacity_report.py:85:13 - error: Type of "append" is partially unknown
    Type of "append" is "(object: Unknown, /) -> None" (reportUnknownMemberType)
  /home/guille/anaconda3/envs/guille/delphyne/examples/omphalos/tools/reports/ace_capacity_report.py:138:14 - error: Type of "tolist" is unknown (reportUnknownMemberType)
  /home/guille/anaconda3/envs/guille/delphyne/examples/omphalos/tools/reports/ace_capacity_report.py:138:14 - error: Argument type is unknown
    Argument corresponds to parameter "ci90" in function "__init__" (reportUnknownArgumentType)
  /home/guille/anaconda3/envs/guille/delphyne/examples/omphalos/tools/reports/ace_capacity_report.py:155:9 - error: Type of "append" is partially unknown
    Type of "append" is "(object: Unknown, /) -> None" (reportUnknownMemberType)
  /home/guille/anaconda3/envs/guille/delphyne/examples/omphalos/tools/reports/ace_capacity_report.py:162:9 - error: Type of "append" is partially unknown
    Type of "append" is "(object: Unknown, /) -> None" (reportUnknownMemberType)
  /home/guille/anaconda3/envs/guille/delphyne/examples/omphalos/tools/reports/ace_capacity_report.py:163:5 - error: Type of "groups" is partially unknown
    Type of "groups" is "dict[str, list[Unknown]]" (reportUnknownVariableType)
  /home/guille/anaconda3/envs/guille/delphyne/examples/omphalos/tools/reports/ace_capacity_report.py:163:34 - error: Type of "r" is unknown (reportUnknownVariableType)
  /home/guille/anaconda3/envs/guille/delphyne/examples/omphalos/tools/reports/ace_capacity_report.py:165:20 - error: Argument type is partially unknown
    Argument corresponds to parameter "obj" in function "len"
    Argument type is "list[Unknown]" (reportUnknownArgumentType)
  /home/guille/anaconda3/envs/guille/delphyne/examples/omphalos/tools/reports/ace_capacity_report.py:165:37 - error: Argument type is partially unknown
    Argument corresponds to parameter "obj" in function "len"
    Argument type is "set[Unknown]" (reportUnknownArgumentType)
  /home/guille/anaconda3/envs/guille/delphyne/examples/omphalos/tools/reports/ace_capacity_report.py:165:55 - error: Type of "r" is unknown (reportUnknownVariableType)
  /home/guille/anaconda3/envs/guille/delphyne/examples/omphalos/tools/reports/ace_capacity_report.py:165:74 - error: Type of "v" is partially unknown
    Type of "v" is "list[Unknown]" (reportUnknownVariableType)
  /home/guille/anaconda3/envs/guille/delphyne/examples/omphalos/tools/reports/ace_capacity_report.py:170:56 - error: Argument type is partially unknown
    Argument corresponds to parameter "a" in function "compare"
    Argument type is "list[Unknown]" (reportUnknownArgumentType)
  /home/guille/anaconda3/envs/guille/delphyne/examples/omphalos/tools/reports/ace_capacity_report.py:170:80 - error: Argument type is partially unknown
    Argument corresponds to parameter "b" in function "compare"
    Argument type is "list[Unknown]" (reportUnknownArgumentType)
  /home/guille/anaconda3/envs/guille/delphyne/examples/omphalos/tools/reports/ace_capacity_report.py:172:12 - error: Type of "get" is unknown (reportUnknownMemberType)
  /home/guille/anaconda3/envs/guille/delphyne/examples/omphalos/tools/reports/ace_capacity_report.py:172:12 - error: Argument type is partially unknown
    Argument corresponds to parameter "iterable" in function "all"
    Argument type is "Generator[Unknown, None, None]" (reportUnknownArgumentType)
  /home/guille/anaconda3/envs/guille/delphyne/examples/omphalos/tools/reports/ace_capacity_report.py:174:67 - error: Return type of lambda is unknown (reportUnknownLambdaType)
  /home/guille/anaconda3/envs/guille/delphyne/examples/omphalos/tools/reports/ace_capacity_report.py:175:47 - error: Argument type is unknown
    Argument corresponds to parameter "arg2" in function "min" (reportUnknownArgumentType)
  /home/guille/anaconda3/envs/guille/delphyne/examples/omphalos/tools/reports/ace_capacity_report.py:177:9 - error: Type of "row" is unknown (reportUnknownVariableType)
  /home/guille/anaconda3/envs/guille/delphyne/examples/omphalos/tools/reports/ace_capacity_report.py:179:9 - error: Type of "source" is unknown (reportUnknownVariableType)
  /home/guille/anaconda3/envs/guille/delphyne/examples/omphalos/tools/reports/ace_capacity_report.py:180:36 - error: Argument type is unknown
    Argument corresponds to parameter "directory" in function "diagnostics" (reportUnknownArgumentType)
  /home/guille/anaconda3/envs/guille/delphyne/examples/omphalos/tools/reports/ace_capacity_report.py:180:59 - error: Type of "name" is unknown (reportUnknownMemberType)
  /home/guille/anaconda3/envs/guille/delphyne/examples/omphalos/tools/reports/ace_capacity_report.py:180:59 - error: Argument type is unknown
    Argument corresponds to parameter "key" in function "get" (reportUnknownArgumentType)
  /home/guille/anaconda3/envs/guille/delphyne/examples/omphalos/tools/reports/ace_capacity_report.py:182:5 - error: Type of "result" is partially unknown
    Type of "result" is "dict[str, dict[str, dict[str, Any]] | list[Unknown]]" (reportUnknownVariableType)
  /home/guille/anaconda3/envs/guille/delphyne/examples/omphalos/tools/reports/ace_capacity_report.py:182:24 - error: Argument type is partially unknown
    Argument corresponds to parameter "rows" in function "__init__"
    Argument type is "list[Unknown]" (reportUnknownArgumentType)
  /home/guille/anaconda3/envs/guille/delphyne/examples/omphalos/tools/reports/ace_capacity_report.py:182:48 - error: Argument type is partially unknown
    Argument corresponds to parameter "rows" in function "metric"
    Argument type is "list[Unknown]" (reportUnknownArgumentType)
  /home/guille/anaconda3/envs/guille/delphyne/examples/omphalos/tools/reports/ace_capacity_report.py:182:98 - error: Type of "v" is partially unknown
    Type of "v" is "list[Unknown]" (reportUnknownVariableType)
  /home/guille/anaconda3/envs/guille/delphyne/examples/omphalos/tools/reports/ace_capacity_report.py:183:21 - error: Argument type is partially unknown
    Argument corresponds to parameter "comparisons" in function "__init__"
    Argument type is "dict[Unknown, Unknown]" (reportUnknownArgumentType)
  /home/guille/anaconda3/envs/guille/delphyne/examples/omphalos/tools/reports/ace_capacity_report.py:183:66 - error: Argument type is partially unknown
    Argument corresponds to parameter "groups" in function "interaction"
    Argument type is "dict[str, list[Unknown]]" (reportUnknownArgumentType)
  /home/guille/anaconda3/envs/guille/delphyne/examples/omphalos/tools/reports/ace_capacity_report.py:184:54 - error: Argument type is partially unknown
    Argument corresponds to parameter "groups" in function "interaction"
    Argument type is "dict[str, list[Unknown]]" (reportUnknownArgumentType)
  /home/guille/anaconda3/envs/guille/delphyne/examples/omphalos/tools/reports/ace_capacity_report.py:185:12 - error: Return type, "tuple[dict[str, dict[str, dict[str, Any]] | list[Unknown]], dict[Unknown, Unknown]]", is partially unknown (reportUnknownVariableType)
  /home/guille/anaconda3/envs/guille/delphyne/examples/omphalos/tools/reports/ace_capacity_report.py:202:9 - error: Type of "append" is partially unknown
    Type of "append" is "(object: Unknown, /) -> None" (reportUnknownMemberType)
  /home/guille/anaconda3/envs/guille/delphyne/examples/omphalos/tools/reports/ace_capacity_report.py:203:12 - error: Return type, "list[Unknown]", is partially unknown (reportUnknownVariableType)
  /home/guille/anaconda3/envs/guille/delphyne/examples/omphalos/tools/reports/ace_capacity_report.py:227:48 - error: Argument type is partially unknown
    Argument corresponds to parameter "comparisons" in function "__init__"
    Argument type is "dict[Unknown, Unknown]" (reportUnknownArgumentType)
  /home/guille/anaconda3/envs/guille/delphyne/examples/omphalos/tools/reports/ace_capacity_report.py:233:12 - error: Return type, "tuple[dict[Unknown, Unknown], dict[Unknown, Unknown]]", is partially unknown (reportUnknownVariableType)
  /home/guille/anaconda3/envs/guille/delphyne/examples/omphalos/tools/reports/ace_capacity_report.py:261:9 - error: Type of "append" is partially unknown
    Type of "append" is "(object: Unknown, /) -> None" (reportUnknownMemberType)
  /home/guille/anaconda3/envs/guille/delphyne/examples/omphalos/tools/reports/ace_capacity_report.py:262:16 - error: Argument type is partially unknown
    Argument corresponds to parameter "obj" in function "len"
    Argument type is "list[Unknown]" (reportUnknownArgumentType)
  /home/guille/anaconda3/envs/guille/delphyne/examples/omphalos/tools/reports/ace_capacity_report.py:266:13 - error: Type of "selected" is partially unknown
    Type of "selected" is "list[Unknown]" (reportUnknownVariableType)
  /home/guille/anaconda3/envs/guille/delphyne/examples/omphalos/tools/reports/ace_capacity_report.py:266:31 - error: Type of "r" is unknown (reportUnknownVariableType)
  /home/guille/anaconda3/envs/guille/delphyne/examples/omphalos/tools/reports/ace_capacity_report.py:267:56 - error: Argument type is partially unknown
    Argument corresponds to parameter "obj" in function "len"
    Argument type is "list[Unknown]" (reportUnknownArgumentType)
  /home/guille/anaconda3/envs/guille/delphyne/examples/omphalos/tools/reports/ace_capacity_report.py:268:56 - error: Type of "r" is unknown (reportUnknownVariableType)
  /home/guille/anaconda3/envs/guille/delphyne/examples/omphalos/tools/reports/ace_capacity_report.py:268:81 - error: Argument type is partially unknown
    Argument corresponds to parameter "iterable" in function "sum"
    Argument type is "Generator[Unknown, None, None]" (reportUnknownArgumentType)
  /home/guille/anaconda3/envs/guille/delphyne/examples/omphalos/tools/reports/ace_capacity_report.py:268:95 - error: Type of "r" is unknown (reportUnknownVariableType)
  /home/guille/anaconda3/envs/guille/delphyne/examples/omphalos/tools/reports/ace_capacity_report.py:269:30 - error: Argument type is partially unknown
    Argument corresponds to parameter "iterable" in function "sum"
    Argument type is "Generator[Unknown, None, None]" (reportUnknownArgumentType)
  /home/guille/anaconda3/envs/guille/delphyne/examples/omphalos/tools/reports/ace_capacity_report.py:269:48 - error: Type of "r" is unknown (reportUnknownVariableType)
  /home/guille/anaconda3/envs/guille/delphyne/examples/omphalos/tools/reports/ace_capacity_report.py:269:81 - error: Argument type is partially unknown
    Argument corresponds to parameter "iterable" in function "sum"
    Argument type is "Generator[Unknown, None, None]" (reportUnknownArgumentType)
  /home/guille/anaconda3/envs/guille/delphyne/examples/omphalos/tools/reports/ace_capacity_report.py:269:103 - error: Type of "r" is unknown (reportUnknownVariableType)
  /home/guille/anaconda3/envs/guille/delphyne/examples/omphalos/tools/reports/ace_capacity_report.py:270:49 - error: Argument type is unknown
    Argument corresponds to parameter "o" in function "__new__" (reportUnknownArgumentType)
  /home/guille/anaconda3/envs/guille/delphyne/examples/omphalos/tools/reports/ace_capacity_report.py:270:77 - error: Type of "r" is unknown (reportUnknownVariableType)
  /home/guille/anaconda3/envs/guille/delphyne/examples/omphalos/tools/reports/ace_capacity_report.py:271:48 - error: Argument type is unknown
    Argument corresponds to parameter "o" in function "__new__" (reportUnknownArgumentType)
  /home/guille/anaconda3/envs/guille/delphyne/examples/omphalos/tools/reports/ace_capacity_report.py:271:83 - error: Type of "r" is unknown (reportUnknownVariableType)
  /home/guille/anaconda3/envs/guille/delphyne/examples/omphalos/tools/reports/ace_capacity_report.py:272:22 - error: Argument type is partially unknown
    Argument corresponds to parameter "rows" in function "__init__"
    Argument type is "list[Unknown]" (reportUnknownArgumentType)
  /home/guille/anaconda3/envs/guille/delphyne/examples/omphalos/tools/reports/ace_capacity_report.py:272:35 - error: Argument type is partially unknown
    Argument corresponds to parameter "groups" in function "__init__"
    Argument type is "dict[Unknown, Unknown]" (reportUnknownArgumentType)
61 errors, 0 warnings, 0 informations
WARNING: there is a new pyright version available (v1.1.406 -> v1.1.414).
Please install the new version or set PYRIGHT_PYTHON_FORCE_VERSION to `latest`

