/home/guille/anaconda3/envs/guille/delphyne/examples/omphalos/tools/reports/ace_capacity_synthesis.py
  /home/guille/anaconda3/envs/guille/delphyne/examples/omphalos/tools/reports/ace_capacity_synthesis.py:26:5 - error: Type of "limiting" is partially unknown
    Type of "limiting" is "Unknown | Any | dict[Unknown, Unknown]" (reportUnknownVariableType)
  /home/guille/anaconda3/envs/guille/delphyne/examples/omphalos/tools/reports/ace_capacity_synthesis.py:26:16 - error: Type of "get" is partially unknown
    Type of "get" is "Any | Overload[(key: Unknown, default: None = None, /) -> (Unknown | None), (key: Unknown, default: Unknown, /) -> Unknown, (key: Unknown, default: _T@get, /) -> (Unknown | _T@get)]" (reportUnknownMemberType)
  /home/guille/anaconda3/envs/guille/delphyne/examples/omphalos/tools/reports/ace_capacity_synthesis.py:34:23 - error: Type of "get" is partially unknown
    Type of "get" is "Any | Overload[(key: Unknown, default: None = None, /) -> (Unknown | None), (key: Unknown, default: Unknown, /) -> Unknown, (key: Unknown, default: _T@get, /) -> (Unknown | _T@get)]" (reportUnknownMemberType)
  /home/guille/anaconda3/envs/guille/delphyne/examples/omphalos/tools/reports/ace_capacity_synthesis.py:34:23 - error: Argument type is partially unknown
    Argument corresponds to parameter "last_category" in function "__init__"
    Argument type is "Unknown | Any" (reportUnknownArgumentType)
  /home/guille/anaconda3/envs/guille/delphyne/examples/omphalos/tools/reports/ace_capacity_synthesis.py:39:18 - error: Argument type is partially unknown
    Argument corresponds to parameter "terminal" in function "__init__"
    Argument type is "Unknown | Any | str" (reportUnknownArgumentType)
  /home/guille/anaconda3/envs/guille/delphyne/examples/omphalos/tools/reports/ace_capacity_synthesis.py:42:18 - error: Type of "get" is partially unknown
    Type of "get" is "Any | Overload[(key: Unknown, default: None = None, /) -> (Unknown | None), (key: Unknown, default: Unknown, /) -> Unknown, (key: Unknown, default: _T@get, /) -> (Unknown | _T@get)]" (reportUnknownMemberType)
  /home/guille/anaconda3/envs/guille/delphyne/examples/omphalos/tools/reports/ace_capacity_synthesis.py:44:18 - error: Type of "get" is partially unknown
    Type of "get" is "Unknown | Any | Overload[(key: Unknown, default: None = None, /) -> (Unknown | None), (key: Unknown, default: Unknown, /) -> Unknown, (key: Unknown, default: _T@get, /) -> (Unknown | _T@get)]" (reportUnknownMemberType)
  /home/guille/anaconda3/envs/guille/delphyne/examples/omphalos/tools/reports/ace_capacity_synthesis.py:44:18 - error: Argument type is partially unknown
    Argument corresponds to parameter "limiting" in function "__init__"
    Argument type is "Unknown | Any" (reportUnknownArgumentType)
  /home/guille/anaconda3/envs/guille/delphyne/examples/omphalos/tools/reports/ace_capacity_synthesis.py:45:17 - error: Type of "get" is partially unknown
    Type of "get" is "Any | Overload[(key: Unknown, default: None = None, /) -> (Unknown | None), (key: Unknown, default: Unknown, /) -> Unknown, (key: Unknown, default: _T@get, /) -> (Unknown | _T@get)]" (reportUnknownMemberType)
  /home/guille/anaconda3/envs/guille/delphyne/examples/omphalos/tools/reports/ace_capacity_synthesis.py:45:17 - error: Argument type is partially unknown
    Argument corresponds to parameter "pending" in function "__init__"
    Argument type is "Unknown | Any | None" (reportUnknownArgumentType)
  /home/guille/anaconda3/envs/guille/delphyne/examples/omphalos/tools/reports/ace_capacity_synthesis.py:46:19 - error: Type of "get" is partially unknown
    Type of "get" is "Unknown | Any | Overload[(key: Unknown, default: None = None, /) -> (Unknown | None), (key: Unknown, default: Unknown, /) -> Unknown, (key: Unknown, default: _T@get, /) -> (Unknown | _T@get)]" (reportUnknownMemberType)
  /home/guille/anaconda3/envs/guille/delphyne/examples/omphalos/tools/reports/ace_capacity_synthesis.py:46:19 - error: Argument type is partially unknown
    Argument corresponds to parameter "remaining" in function "__init__"
    Argument type is "Unknown | Any | None" (reportUnknownArgumentType)
  /home/guille/anaconda3/envs/guille/delphyne/examples/omphalos/tools/reports/ace_capacity_synthesis.py:219:17 - error: Type of "append" is partially unknown
    Type of "append" is "(object: Unknown, /) -> None" (reportUnknownMemberType)
  /home/guille/anaconda3/envs/guille/delphyne/examples/omphalos/tools/reports/ace_capacity_synthesis.py:223:63 - error: Argument type is partially unknown
    Argument corresponds to parameter "iterable" in function "join"
    Argument type is "list[Unknown]" (reportUnknownArgumentType)
14 errors, 0 warnings, 0 informations
WARNING: there is a new pyright version available (v1.1.406 -> v1.1.414).
Please install the new version or set PYRIGHT_PYTHON_FORCE_VERSION to `latest`

