concurrent.futures.process._RemoteTraceback: 
"""
Traceback (most recent call last):
  File "/home/guille/anaconda3/envs/guille/lib/python3.12/concurrent/futures/process.py", line 264, in _process_worker
    r = call_item.fn(*call_item.args, **call_item.kwargs)
        ^^^^^^^^^^^^^^^^^^^^^^^^^^^^^^^^^^^^^^^^^^^^^^^^^
  File "/home/guille/anaconda3/envs/guille/lib/python3.12/concurrent/futures/process.py", line 213, in _process_chunk
    return [fn(*args) for args in chunk]
            ^^^^^^^^^
  File "/home/guille/anaconda3/envs/guille/delphyne/examples/omphalos/tools/reports/ace_capacity_replay.py", line 62, in replay
    run_command(run_strategy, args,
  File "/home/guille/anaconda3/envs/guille/delphyne/src/delphyne/stdlib/tasks.py", line 293, in run_command
    command(handler, ctx, args)
  File "/home/guille/anaconda3/envs/guille/delphyne/src/delphyne/stdlib/commands/run_strategy.py", line 362, in run_strategy
    run_loaded_strategy(
  File "/home/guille/anaconda3/envs/guille/delphyne/src/delphyne/stdlib/commands/run_strategy.py", line 244, in run_loaded_strategy
    with_cache_spec(
  File "/home/guille/anaconda3/envs/guille/delphyne/src/delphyne/stdlib/commands/run_strategy.py", line 282, in with_cache_spec
    return f(request_cache, embeddings_cache)
           ^^^^^^^^^^^^^^^^^^^^^^^^^^^^^^^^^^
  File "/home/guille/anaconda3/envs/guille/delphyne/src/delphyne/stdlib/commands/run_strategy.py", line 207, in run_loaded_strategy_with_caches
    for msg in stream:
               ^^^^^^
  File "/home/guille/anaconda3/envs/guille/delphyne/src/delphyne/stdlib/streams.py", line 563, in stream_take
    for msg in stream:
               ^^^^^^
  File "/home/guille/anaconda3/envs/guille/delphyne/src/delphyne/stdlib/streams.py", line 532, in stream_with_budget
    for msg in stream:
               ^^^^^^
  File "/home/guille/anaconda3/envs/guille/delphyne/examples/omphalos/runtime/replay_admission.py", line 255, in admission_observer
    for message in stream:
                   ^^^^^^
  File "/home/guille/anaconda3/envs/guille/delphyne/examples/omphalos/prove_capacity.py", line 37, in capacity_search
    yield from grounded_search()(tree, env, policy)
  File "/home/guille/anaconda3/envs/guille/delphyne/examples/omphalos/prove_grounded.py", line 89, in grounded_search
    yield from node.cands.stream(env, policy).bind(
  File "/home/guille/anaconda3/envs/guille/delphyne/src/delphyne/stdlib/streams.py", line 476, in stream_bind
    yield from f(generated.pop(0))
  File "/home/guille/anaconda3/envs/guille/delphyne/examples/omphalos/prove_grounded.py", line 89, in grounded_search
    yield from node.cands.stream(env, policy).bind(
  File "/home/guille/anaconda3/envs/guille/delphyne/src/delphyne/stdlib/streams.py", line 476, in stream_bind
    yield from f(generated.pop(0))
  File "/home/guille/anaconda3/envs/guille/delphyne/examples/omphalos/prove_grounded.py", line 85, in grounded_search
    yield from grounded_search(typed_limits=typed_limits)(
  File "/home/guille/anaconda3/envs/guille/delphyne/examples/omphalos/prove_grounded.py", line 85, in grounded_search
    yield from grounded_search(typed_limits=typed_limits)(
  File "/home/guille/anaconda3/envs/guille/delphyne/examples/omphalos/prove_grounded.py", line 85, in grounded_search
    yield from grounded_search(typed_limits=typed_limits)(
  [Previous line repeated 1 more time]
  File "/home/guille/anaconda3/envs/guille/delphyne/examples/omphalos/prove_grounded.py", line 89, in grounded_search
    yield from node.cands.stream(env, policy).bind(
  File "/home/guille/anaconda3/envs/guille/delphyne/src/delphyne/stdlib/streams.py", line 476, in stream_bind
    yield from f(generated.pop(0))
  File "/home/guille/anaconda3/envs/guille/delphyne/examples/omphalos/prove_grounded.py", line 85, in grounded_search
    yield from grounded_search(typed_limits=typed_limits)(
  File "/home/guille/anaconda3/envs/guille/delphyne/examples/omphalos/prove_grounded.py", line 85, in grounded_search
    yield from grounded_search(typed_limits=typed_limits)(
  File "/home/guille/anaconda3/envs/guille/delphyne/examples/omphalos/prove_grounded.py", line 85, in grounded_search
    yield from grounded_search(typed_limits=typed_limits)(
  [Previous line repeated 1 more time]
  File "/home/guille/anaconda3/envs/guille/delphyne/examples/omphalos/prove_grounded.py", line 89, in grounded_search
    yield from node.cands.stream(env, policy).bind(
  File "/home/guille/anaconda3/envs/guille/delphyne/src/delphyne/stdlib/streams.py", line 476, in stream_bind
    yield from f(generated.pop(0))
  File "/home/guille/anaconda3/envs/guille/delphyne/examples/omphalos/prove_grounded.py", line 85, in grounded_search
    yield from grounded_search(typed_limits=typed_limits)(
  File "/home/guille/anaconda3/envs/guille/delphyne/examples/omphalos/prove_grounded.py", line 85, in grounded_search
    yield from grounded_search(typed_limits=typed_limits)(
  File "/home/guille/anaconda3/envs/guille/delphyne/examples/omphalos/prove_grounded.py", line 85, in grounded_search
    yield from grounded_search(typed_limits=typed_limits)(
  [Previous line repeated 1 more time]
  File "/home/guille/anaconda3/envs/guille/delphyne/examples/omphalos/prove_grounded.py", line 89, in grounded_search
    yield from node.cands.stream(env, policy).bind(
  File "/home/guille/anaconda3/envs/guille/delphyne/src/delphyne/stdlib/streams.py", line 476, in stream_bind
    yield from f(generated.pop(0))
  File "/home/guille/anaconda3/envs/guille/delphyne/examples/omphalos/prove_grounded.py", line 85, in grounded_search
    yield from grounded_search(typed_limits=typed_limits)(
  File "/home/guille/anaconda3/envs/guille/delphyne/examples/omphalos/prove_grounded.py", line 89, in grounded_search
    yield from node.cands.stream(env, policy).bind(
  File "/home/guille/anaconda3/envs/guille/delphyne/src/delphyne/stdlib/streams.py", line 476, in stream_bind
    yield from f(generated.pop(0))
  File "/home/guille/anaconda3/envs/guille/delphyne/examples/omphalos/prove_grounded.py", line 85, in grounded_search
    yield from grounded_search(typed_limits=typed_limits)(
  File "/home/guille/anaconda3/envs/guille/delphyne/examples/omphalos/prove_grounded.py", line 89, in grounded_search
    yield from node.cands.stream(env, policy).bind(
  File "/home/guille/anaconda3/envs/guille/delphyne/src/delphyne/stdlib/streams.py", line 476, in stream_bind
    yield from f(generated.pop(0))
  File "/home/guille/anaconda3/envs/guille/delphyne/examples/omphalos/prove_grounded.py", line 85, in grounded_search
    yield from grounded_search(typed_limits=typed_limits)(
  File "/home/guille/anaconda3/envs/guille/delphyne/examples/omphalos/prove_grounded.py", line 89, in grounded_search
    yield from node.cands.stream(env, policy).bind(
  File "/home/guille/anaconda3/envs/guille/delphyne/src/delphyne/stdlib/streams.py", line 476, in stream_bind
    yield from f(generated.pop(0))
  File "/home/guille/anaconda3/envs/guille/delphyne/examples/omphalos/prove_grounded.py", line 85, in grounded_search
    yield from grounded_search(typed_limits=typed_limits)(
  File "/home/guille/anaconda3/envs/guille/delphyne/examples/omphalos/prove_grounded.py", line 85, in grounded_search
    yield from grounded_search(typed_limits=typed_limits)(
  File "/home/guille/anaconda3/envs/guille/delphyne/examples/omphalos/prove_grounded.py", line 85, in grounded_search
    yield from grounded_search(typed_limits=typed_limits)(
  [Previous line repeated 1 more time]
  File "/home/guille/anaconda3/envs/guille/delphyne/examples/omphalos/prove_grounded.py", line 89, in grounded_search
    yield from node.cands.stream(env, policy).bind(
  File "/home/guille/anaconda3/envs/guille/delphyne/src/delphyne/stdlib/streams.py", line 476, in stream_bind
    yield from f(generated.pop(0))
  File "/home/guille/anaconda3/envs/guille/delphyne/examples/omphalos/prove_grounded.py", line 85, in grounded_search
    yield from grounded_search(typed_limits=typed_limits)(
  File "/home/guille/anaconda3/envs/guille/delphyne/examples/omphalos/prove_grounded.py", line 89, in grounded_search
    yield from node.cands.stream(env, policy).bind(
  File "/home/guille/anaconda3/envs/guille/delphyne/src/delphyne/stdlib/streams.py", line 476, in stream_bind
    yield from f(generated.pop(0))
  File "/home/guille/anaconda3/envs/guille/delphyne/examples/omphalos/prove_grounded.py", line 85, in grounded_search
    yield from grounded_search(typed_limits=typed_limits)(
  File "/home/guille/anaconda3/envs/guille/delphyne/examples/omphalos/prove_grounded.py", line 89, in grounded_search
    yield from node.cands.stream(env, policy).bind(
  File "/home/guille/anaconda3/envs/guille/delphyne/src/delphyne/stdlib/streams.py", line 476, in stream_bind
    yield from f(generated.pop(0))
  File "/home/guille/anaconda3/envs/guille/delphyne/examples/omphalos/prove_grounded.py", line 85, in grounded_search
    yield from grounded_search(typed_limits=typed_limits)(
  File "/home/guille/anaconda3/envs/guille/delphyne/examples/omphalos/prove_grounded.py", line 89, in grounded_search
    yield from node.cands.stream(env, policy).bind(
  File "/home/guille/anaconda3/envs/guille/delphyne/src/delphyne/stdlib/streams.py", line 476, in stream_bind
    yield from f(generated.pop(0))
  File "/home/guille/anaconda3/envs/guille/delphyne/examples/omphalos/prove_grounded.py", line 85, in grounded_search
    yield from grounded_search(typed_limits=typed_limits)(
  File "/home/guille/anaconda3/envs/guille/delphyne/examples/omphalos/prove_grounded.py", line 85, in grounded_search
    yield from grounded_search(typed_limits=typed_limits)(
  File "/home/guille/anaconda3/envs/guille/delphyne/examples/omphalos/prove_grounded.py", line 85, in grounded_search
    yield from grounded_search(typed_limits=typed_limits)(
  [Previous line repeated 1 more time]
  File "/home/guille/anaconda3/envs/guille/delphyne/examples/omphalos/prove_grounded.py", line 89, in grounded_search
    yield from node.cands.stream(env, policy).bind(
  File "/home/guille/anaconda3/envs/guille/delphyne/src/delphyne/stdlib/streams.py", line 476, in stream_bind
    yield from f(generated.pop(0))
  File "/home/guille/anaconda3/envs/guille/delphyne/examples/omphalos/prove_grounded.py", line 85, in grounded_search
    yield from grounded_search(typed_limits=typed_limits)(
  File "/home/guille/anaconda3/envs/guille/delphyne/examples/omphalos/prove_grounded.py", line 89, in grounded_search
    yield from node.cands.stream(env, policy).bind(
  File "/home/guille/anaconda3/envs/guille/delphyne/src/delphyne/stdlib/streams.py", line 476, in stream_bind
    yield from f(generated.pop(0))
  File "/home/guille/anaconda3/envs/guille/delphyne/examples/omphalos/prove_grounded.py", line 85, in grounded_search
    yield from grounded_search(typed_limits=typed_limits)(
  File "/home/guille/anaconda3/envs/guille/delphyne/examples/omphalos/prove_grounded.py", line 89, in grounded_search
    yield from node.cands.stream(env, policy).bind(
  File "/home/guille/anaconda3/envs/guille/delphyne/src/delphyne/stdlib/streams.py", line 476, in stream_bind
    yield from f(generated.pop(0))
  File "/home/guille/anaconda3/envs/guille/delphyne/examples/omphalos/prove_grounded.py", line 85, in grounded_search
    yield from grounded_search(typed_limits=typed_limits)(
  File "/home/guille/anaconda3/envs/guille/delphyne/examples/omphalos/prove_grounded.py", line 89, in grounded_search
    yield from node.cands.stream(env, policy).bind(
  File "/home/guille/anaconda3/envs/guille/delphyne/src/delphyne/stdlib/streams.py", line 476, in stream_bind
    yield from f(generated.pop(0))
  File "/home/guille/anaconda3/envs/guille/delphyne/examples/omphalos/prove_grounded.py", line 85, in grounded_search
    yield from grounded_search(typed_limits=typed_limits)(
  File "/home/guille/anaconda3/envs/guille/delphyne/examples/omphalos/prove_grounded.py", line 89, in grounded_search
    yield from node.cands.stream(env, policy).bind(
  File "/home/guille/anaconda3/envs/guille/delphyne/src/delphyne/stdlib/streams.py", line 476, in stream_bind
    yield from f(generated.pop(0))
  File "/home/guille/anaconda3/envs/guille/delphyne/examples/omphalos/prove_grounded.py", line 85, in grounded_search
    yield from grounded_search(typed_limits=typed_limits)(
  File "/home/guille/anaconda3/envs/guille/delphyne/examples/omphalos/prove_grounded.py", line 89, in grounded_search
    yield from node.cands.stream(env, policy).bind(
  File "/home/guille/anaconda3/envs/guille/delphyne/src/delphyne/stdlib/streams.py", line 476, in stream_bind
    yield from f(generated.pop(0))
  File "/home/guille/anaconda3/envs/guille/delphyne/examples/omphalos/prove_grounded.py", line 85, in grounded_search
    yield from grounded_search(typed_limits=typed_limits)(
  File "/home/guille/anaconda3/envs/guille/delphyne/examples/omphalos/prove_grounded.py", line 89, in grounded_search
    yield from node.cands.stream(env, policy).bind(
  File "/home/guille/anaconda3/envs/guille/delphyne/src/delphyne/stdlib/streams.py", line 476, in stream_bind
    yield from f(generated.pop(0))
  File "/home/guille/anaconda3/envs/guille/delphyne/examples/omphalos/prove_grounded.py", line 85, in grounded_search
    yield from grounded_search(typed_limits=typed_limits)(
  File "/home/guille/anaconda3/envs/guille/delphyne/examples/omphalos/prove_grounded.py", line 89, in grounded_search
    yield from node.cands.stream(env, policy).bind(
  File "/home/guille/anaconda3/envs/guille/delphyne/src/delphyne/stdlib/streams.py", line 476, in stream_bind
    yield from f(generated.pop(0))
  File "/home/guille/anaconda3/envs/guille/delphyne/examples/omphalos/prove_grounded.py", line 85, in grounded_search
    yield from grounded_search(typed_limits=typed_limits)(
  File "/home/guille/anaconda3/envs/guille/delphyne/examples/omphalos/prove_grounded.py", line 89, in grounded_search
    yield from node.cands.stream(env, policy).bind(
  File "/home/guille/anaconda3/envs/guille/delphyne/src/delphyne/stdlib/streams.py", line 476, in stream_bind
    yield from f(generated.pop(0))
  File "/home/guille/anaconda3/envs/guille/delphyne/examples/omphalos/prove_grounded.py", line 89, in grounded_search
    yield from node.cands.stream(env, policy).bind(
  File "/home/guille/anaconda3/envs/guille/delphyne/src/delphyne/stdlib/streams.py", line 476, in stream_bind
    yield from f(generated.pop(0))
  File "/home/guille/anaconda3/envs/guille/delphyne/examples/omphalos/prove_grounded.py", line 85, in grounded_search
    yield from grounded_search(typed_limits=typed_limits)(
  File "/home/guille/anaconda3/envs/guille/delphyne/examples/omphalos/prove_grounded.py", line 89, in grounded_search
    yield from node.cands.stream(env, policy).bind(
  File "/home/guille/anaconda3/envs/guille/delphyne/src/delphyne/stdlib/streams.py", line 476, in stream_bind
    yield from f(generated.pop(0))
  File "/home/guille/anaconda3/envs/guille/delphyne/examples/omphalos/prove_grounded.py", line 85, in grounded_search
    yield from grounded_search(typed_limits=typed_limits)(
  File "/home/guille/anaconda3/envs/guille/delphyne/examples/omphalos/prove_grounded.py", line 89, in grounded_search
    yield from node.cands.stream(env, policy).bind(
  File "/home/guille/anaconda3/envs/guille/delphyne/src/delphyne/stdlib/streams.py", line 476, in stream_bind
    yield from f(generated.pop(0))
  File "/home/guille/anaconda3/envs/guille/delphyne/examples/omphalos/prove_grounded.py", line 85, in grounded_search
    yield from grounded_search(typed_limits=typed_limits)(
  File "/home/guille/anaconda3/envs/guille/delphyne/examples/omphalos/prove_grounded.py", line 89, in grounded_search
    yield from node.cands.stream(env, policy).bind(
  File "/home/guille/anaconda3/envs/guille/delphyne/src/delphyne/stdlib/streams.py", line 476, in stream_bind
    yield from f(generated.pop(0))
  File "/home/guille/anaconda3/envs/guille/delphyne/examples/omphalos/prove_grounded.py", line 89, in grounded_search
    yield from node.cands.stream(env, policy).bind(
  File "/home/guille/anaconda3/envs/guille/delphyne/src/delphyne/stdlib/streams.py", line 476, in stream_bind
    yield from f(generated.pop(0))
  File "/home/guille/anaconda3/envs/guille/delphyne/examples/omphalos/prove_grounded.py", line 85, in grounded_search
    yield from grounded_search(typed_limits=typed_limits)(
  File "/home/guille/anaconda3/envs/guille/delphyne/examples/omphalos/prove_grounded.py", line 89, in grounded_search
    yield from node.cands.stream(env, policy).bind(
  File "/home/guille/anaconda3/envs/guille/delphyne/src/delphyne/stdlib/streams.py", line 476, in stream_bind
    yield from f(generated.pop(0))
  File "/home/guille/anaconda3/envs/guille/delphyne/examples/omphalos/prove_grounded.py", line 85, in grounded_search
    yield from grounded_search(typed_limits=typed_limits)(
  File "/home/guille/anaconda3/envs/guille/delphyne/examples/omphalos/prove_grounded.py", line 89, in grounded_search
    yield from node.cands.stream(env, policy).bind(
  File "/home/guille/anaconda3/envs/guille/delphyne/src/delphyne/stdlib/streams.py", line 476, in stream_bind
    yield from f(generated.pop(0))
  File "/home/guille/anaconda3/envs/guille/delphyne/examples/omphalos/prove_grounded.py", line 85, in grounded_search
    yield from grounded_search(typed_limits=typed_limits)(
  File "/home/guille/anaconda3/envs/guille/delphyne/examples/omphalos/prove_grounded.py", line 89, in grounded_search
    yield from node.cands.stream(env, policy).bind(
  File "/home/guille/anaconda3/envs/guille/delphyne/src/delphyne/stdlib/streams.py", line 476, in stream_bind
    yield from f(generated.pop(0))
  File "/home/guille/anaconda3/envs/guille/delphyne/examples/omphalos/prove_grounded.py", line 85, in grounded_search
    yield from grounded_search(typed_limits=typed_limits)(
  File "/home/guille/anaconda3/envs/guille/delphyne/examples/omphalos/prove_grounded.py", line 89, in grounded_search
    yield from node.cands.stream(env, policy).bind(
  File "/home/guille/anaconda3/envs/guille/delphyne/src/delphyne/stdlib/streams.py", line 476, in stream_bind
    yield from f(generated.pop(0))
  File "/home/guille/anaconda3/envs/guille/delphyne/examples/omphalos/prove_grounded.py", line 85, in grounded_search
    yield from grounded_search(typed_limits=typed_limits)(
  File "/home/guille/anaconda3/envs/guille/delphyne/examples/omphalos/prove_grounded.py", line 89, in grounded_search
    yield from node.cands.stream(env, policy).bind(
  File "/home/guille/anaconda3/envs/guille/delphyne/src/delphyne/stdlib/streams.py", line 476, in stream_bind
    yield from f(generated.pop(0))
  File "/home/guille/anaconda3/envs/guille/delphyne/examples/omphalos/prove_grounded.py", line 85, in grounded_search
    yield from grounded_search(typed_limits=typed_limits)(
  File "/home/guille/anaconda3/envs/guille/delphyne/examples/omphalos/prove_grounded.py", line 89, in grounded_search
    yield from node.cands.stream(env, policy).bind(
  File "/home/guille/anaconda3/envs/guille/delphyne/src/delphyne/stdlib/streams.py", line 460, in stream_bind
    for msg in stream:
               ^^^^^^
  File "/home/guille/anaconda3/envs/guille/delphyne/examples/omphalos/runtime/replay_admission.py", line 236, in recorded_prompt
    yield from normal(query, local)
  File "/home/guille/anaconda3/envs/guille/delphyne/src/delphyne/stdlib/queries.py", line 2103, in few_shot
    resp = yield from _send_request(
           ^^^^^^^^^^^^^^^^^^^^^^^^^
  File "/home/guille/anaconda3/envs/guille/delphyne/src/delphyne/stdlib/queries.py", line 1835, in _send_request
    response = yield from spend_on(
               ^^^^^^^^^^^^^^^^^^^^
  File "/home/guille/anaconda3/envs/guille/delphyne/src/delphyne/stdlib/streams.py", line 444, in spend_on
    value, spent = f()
                   ^^^
  File "/home/guille/anaconda3/envs/guille/delphyne/src/delphyne/stdlib/queries.py", line 1830, in expensive
    resp = model.send_request(request, env.cache)
           ^^^^^^^^^^^^^^^^^^^^^^^^^^^^^^^^^^^^^^
  File "/home/guille/anaconda3/envs/guille/delphyne/src/delphyne/stdlib/models.py", line 547, in send_request
    return fetch_or_answer(cache, full_req, self._send_final_request)
           ^^^^^^^^^^^^^^^^^^^^^^^^^^^^^^^^^^^^^^^^^^^^^^^^^^^^^^^^^^
  File "/home/guille/anaconda3/envs/guille/delphyne/src/delphyne/stdlib/models.py", line 701, in fetch_or_answer
    return cache.cache(lambda full: f(full.request))(full_req)
           ^^^^^^^^^^^^^^^^^^^^^^^^^^^^^^^^^^^^^^^^^^^^^^^^^^^
  File "/home/guille/anaconda3/envs/guille/delphyne/examples/omphalos/runtime/replay_admission.py", line 183, in answer
    raise ValueError("Exact replay requires a transport snapshot")
ValueError: Exact replay requires a transport snapshot
"""

The above exception was the direct cause of the following exception:

Traceback (most recent call last):
  File "/home/guille/anaconda3/envs/guille/delphyne/examples/omphalos/tools/reports/ace_capacity_replay.py", line 222, in <module>
    main()
  File "/home/guille/anaconda3/envs/guille/delphyne/examples/omphalos/tools/reports/ace_capacity_replay.py", line 176, in main
    for row in pool.map(replay, jobs):
               ^^^^^^^^^^^^^^^^^^^^^^
  File "/home/guille/anaconda3/envs/guille/lib/python3.12/concurrent/futures/process.py", line 636, in _chain_from_iterable_of_lists
    for element in iterable:
                   ^^^^^^^^
  File "/home/guille/anaconda3/envs/guille/lib/python3.12/concurrent/futures/_base.py", line 619, in result_iterator
    yield _result_or_cancel(fs.pop())
          ^^^^^^^^^^^^^^^^^^^^^^^^^^^
  File "/home/guille/anaconda3/envs/guille/lib/python3.12/concurrent/futures/_base.py", line 317, in _result_or_cancel
    return fut.result(timeout)
           ^^^^^^^^^^^^^^^^^^^
  File "/home/guille/anaconda3/envs/guille/lib/python3.12/concurrent/futures/_base.py", line 456, in result
    return self.__get_result()
           ^^^^^^^^^^^^^^^^^^^
  File "/home/guille/anaconda3/envs/guille/lib/python3.12/concurrent/futures/_base.py", line 401, in __get_result
    raise self._exception
ValueError: Exact replay requires a transport snapshot
