/home/guille/anaconda3/envs/guille/delphyne/examples/omphalos/ace/ace_verified_snippets.py
  /home/guille/anaconda3/envs/guille/delphyne/examples/omphalos/ace/ace_verified_snippets.py:119:9 - error: Type of "append" is partially unknown
    Type of "append" is "(object: Unknown, /) -> None" (reportUnknownMemberType)
/home/guille/anaconda3/envs/guille/delphyne/examples/omphalos/experiments/ace/ace_capacity_experiment.py
  /home/guille/anaconda3/envs/guille/delphyne/examples/omphalos/experiments/ace/ace_capacity_experiment.py:430:21 - error: Type of "append" is partially unknown
    Type of "append" is "(object: Unknown, /) -> None" (reportUnknownMemberType)
  /home/guille/anaconda3/envs/guille/delphyne/examples/omphalos/experiments/ace/ace_capacity_experiment.py:438:46 - error: Argument type is partially unknown
    Argument corresponds to parameter "obj" in function "len"
    Argument type is "list[Unknown]" (reportUnknownArgumentType)
  /home/guille/anaconda3/envs/guille/delphyne/examples/omphalos/experiments/ace/ace_capacity_experiment.py:553:13 - error: Operator "/" not supported for types "Path" and "str | list[dict[str, Any]]"
    Operator "/" not supported for types "Path" and "list[dict[str, Any]]" (reportOperatorIssue)
  /home/guille/anaconda3/envs/guille/delphyne/examples/omphalos/experiments/ace/ace_capacity_experiment.py:553:13 - error: Argument type is partially unknown
    Argument corresponds to parameter "config_dir" in function "ground_truth"
    Argument type is "Path | Unknown" (reportUnknownArgumentType)
  /home/guille/anaconda3/envs/guille/delphyne/examples/omphalos/experiments/ace/ace_capacity_experiment.py:560:13 - error: Type of "p" is partially unknown
    Type of "p" is "Path | Unknown" (reportUnknownVariableType)
  /home/guille/anaconda3/envs/guille/delphyne/examples/omphalos/experiments/ace/ace_capacity_experiment.py:560:18 - error: Type of "glob" is partially unknown
    Type of "glob" is "((pattern: str, *, case_sensitive: bool | None = None) -> Generator[Path, None, None]) | Unknown" (reportUnknownMemberType)
  /home/guille/anaconda3/envs/guille/delphyne/examples/omphalos/experiments/ace/ace_capacity_experiment.py:560:19 - error: Operator "/" not supported for types "Path" and "str | list[dict[str, Any]]"
    Operator "/" not supported for types "Path" and "list[dict[str, Any]]" (reportOperatorIssue)
  /home/guille/anaconda3/envs/guille/delphyne/examples/omphalos/experiments/ace/ace_capacity_experiment.py:563:39 - error: Type of "read_text" is partially unknown
    Type of "read_text" is "((encoding: str | None = None, errors: str | None = None) -> str) | Unknown" (reportUnknownMemberType)
  /home/guille/anaconda3/envs/guille/delphyne/examples/omphalos/experiments/ace/ace_capacity_experiment.py:599:49 - error: "_result_head" is private and used outside of the module in which it is declared (reportPrivateUsage)
  /home/guille/anaconda3/envs/guille/delphyne/examples/omphalos/experiments/ace/ace_capacity_experiment.py:599:63 - error: "_field" is private and used outside of the module in which it is declared (reportPrivateUsage)
  /home/guille/anaconda3/envs/guille/delphyne/examples/omphalos/experiments/ace/ace_capacity_experiment.py:640:17 - error: Type of "append" is partially unknown
    Type of "append" is "(object: Unknown, /) -> None" (reportUnknownMemberType)
  /home/guille/anaconda3/envs/guille/delphyne/examples/omphalos/experiments/ace/ace_capacity_experiment.py:641:20 - error: Argument type is partially unknown
    Argument corresponds to parameter "configs" in function "launch"
    Argument type is "list[Unknown]" (reportUnknownArgumentType)
/home/guille/anaconda3/envs/guille/delphyne/examples/omphalos/runtime/replay_admission.py
  /home/guille/anaconda3/envs/guille/delphyne/examples/omphalos/runtime/replay_admission.py:41:5 - error: Type of "remaining" is partially unknown
    Type of "remaining" is "set[Unknown]" (reportUnknownVariableType)
  /home/guille/anaconda3/envs/guille/delphyne/examples/omphalos/runtime/replay_admission.py:241:18 - error: Unnecessary isinstance call; "Solution[T@admission_observer]" is always an instance of "Solution[Unknown]" (reportUnnecessaryIsInstance)
15 errors, 0 warnings, 0 informations
WARNING: there is a new pyright version available (v1.1.409 -> v1.1.414).
Please install the new version or set PYRIGHT_PYTHON_FORCE_VERSION to `latest`

