Checking main project
pyright
0 errors, 0 warnings, 0 informations
WARNING: there is a new pyright version available (v1.1.409 -> v1.1.414).
Please install the new version or set PYRIGHT_PYTHON_FORCE_VERSION to `latest`



Checking find_invariants
pyright examples/find_invariants
0 errors, 0 warnings, 0 informations
WARNING: there is a new pyright version available (v1.1.409 -> v1.1.414).
Please install the new version or set PYRIGHT_PYTHON_FORCE_VERSION to `latest`



Checking mini_eqns
pyright examples/mini_eqns
0 errors, 0 warnings, 0 informations
WARNING: there is a new pyright version available (v1.1.409 -> v1.1.414).
Please install the new version or set PYRIGHT_PYTHON_FORCE_VERSION to `latest`



Checking small
pyright examples/small
0 errors, 0 warnings, 0 informations
WARNING: there is a new pyright version available (v1.1.409 -> v1.1.414).
Please install the new version or set PYRIGHT_PYTHON_FORCE_VERSION to `latest`



Checking omphalos
pyright -p examples/omphalos
0 errors, 0 warnings, 0 informations
WARNING: there is a new pyright version available (v1.1.409 -> v1.1.414).
Please install the new version or set PYRIGHT_PYTHON_FORCE_VERSION to `latest`

