{
  "D": {
    "new_solves": [
      "imo_1968_p5_1",
      "amc12_2000_p1"
    ],
    "lost_solves": [
      "aime_1988_p3",
      "induction_pord1p1on2powklt5on2",
      "imo_1983_p6",
      "amc12_2000_p6"
    ],
    "unsolved_terminal_classes": {
      "no-witness": 3,
      "syntax-error": 2,
      "unknown-reference": 2,
      "other": 2,
      "type-mismatch": 2,
      "unify-failure": 1,
      "no-applicable-tactic": 1,
      "prover-crash": 1
    },
    "unsolved_problems_by_any_cached_failure": {
      "syntax-error": 10,
      "unknown-reference": 9,
      "other": 9,
      "type-mismatch": 7,
      "no-witness": 6,
      "no-applicable-tactic": 5,
      "rewrite-no-match": 4,
      "focus-error": 4,
      "unify-failure": 3,
      "no-product": 3,
      "subproof-incomplete": 3,
      "incomplete-proof": 1,
      "not-convertible": 1,
      "prover-crash": 1
    },
    "mechanism_events": {
      "coverage_example:fallback": 193,
      "coverage_example:selected": 21
    },
    "cells_with_exploration": 0,
    "cells_with_examples": 8,
    "cells_with_output_errors": 0
  },
  "E": {
    "new_solves": [],
    "lost_solves": [
      "aime_1988_p3",
      "imo_1983_p6"
    ],
    "unsolved_terminal_classes": {
      "no-witness": 3,
      "unify-failure": 3,
      "other": 2,
      "syntax-error": 2,
      "unknown-reference": 1,
      "rewrite-no-match": 1,
      "no-applicable-tactic": 1,
      "type-mismatch": 1
    },
    "unsolved_problems_by_any_cached_failure": {
      "syntax-error": 10,
      "unknown-reference": 8,
      "unify-failure": 8,
      "other": 7,
      "no-witness": 7,
      "focus-error": 6,
      "type-mismatch": 6,
      "subproof-incomplete": 4,
      "no-applicable-tactic": 4,
      "incomplete-proof": 3,
      "not-convertible": 3,
      "no-product": 2,
      "prover-crash": 2,
      "no-matching-clause": 1,
      "rewrite-no-match": 1,
      "no-such-goal": 1,
      "ring-failure": 1
    },
    "mechanism_events": {},
    "cells_with_exploration": 0,
    "cells_with_examples": 0,
    "cells_with_output_errors": 0
  }
}
