{
  "runs": [
    {
      "run": "experiments/output/ace_adaptation_attribution-terra-20260912",
      "configs": 130,
      "billed": 8.099178000000002,
      "recomputed": 8.099178000000002,
      "mismatches": 0
    },
    {
      "run": "experiments/output/ace_attribution_20260912/effort",
      "configs": 16,
      "billed": 2.4683382,
      "recomputed": 2.4683382,
      "mismatches": 0
    },
    {
      "run": "experiments/output/ace_attribution_20260912/swaps",
      "configs": 16,
      "billed": 2.233412,
      "recomputed": 2.2334120000000004,
      "mismatches": 0
    },
    {
      "run": "experiments/output/ace_attribution_20260912/training/luna-none",
      "configs": 40,
      "billed": 0.81821062,
      "recomputed": 0.8182106200000001,
      "mismatches": 0
    },
    {
      "run": "experiments/output/ace_attribution_20260912/training/terra",
      "configs": 80,
      "billed": 11.427413599999998,
      "recomputed": 11.427413599999998,
      "mismatches": 0
    },
    {
      "run": "experiments/output/ace_attribution_20260912/validation/luna-none",
      "configs": 40,
      "billed": 0.7765120999999998,
      "recomputed": 0.7765120999999998,
      "mismatches": 0
    },
    {
      "run": "experiments/output/ace_attribution_20260912/validation/terra",
      "configs": 80,
      "billed": 13.0619698,
      "recomputed": 13.061969799999998,
      "mismatches": 0
    }
  ],
  "generative_configurations": 402,
  "embedding_cost": 4.0600000000000004e-05,
  "total_including_embeddings": 38.885074919999994,
  "receipt_total": 38.88507492,
  "note": "272 inference configurations plus 130 adaptation role configurations. Embeddings reconcile separately from 25 receipts. No global output discovery."
}
