{
  "training/A": {
    "cells": 20,
    "solved": 10,
    "cost": 0.57996846,
    "cost_per_qualified_solve": 0.057996846000000005,
    "platform_failed": 0,
    "tool_exposed_cells": 9,
    "tool_totals": {
      "model_requests": 231,
      "tool_advertised_requests": 221,
      "real_snippet_checks": 19,
      "snippet_rejected": 9,
      "snippet_open": 9,
      "snippet_completed": 2,
      "snippet_resource_exhausted": 0,
      "snippet_unknown": 0,
      "snippet_reused": 1,
      "snippet_requests": 21
    },
    "pricing": {
      "input": 3429516,
      "cached": 1604473,
      "output": 152392,
      "dated_tariff_cost": 0.5799684599999999,
      "no_cache_cost": 0.8687735999999999,
      "cache_fraction": 0.4678424010851677
    }
  },
  "validation/A": {
    "cells": 40,
    "solved": 23,
    "cost": 0.88657336,
    "cost_per_qualified_solve": 0.038546667826086956,
    "platform_failed": 0,
    "tool_exposed_cells": 13,
    "tool_totals": {
      "model_requests": 456,
      "tool_advertised_requests": 419,
      "real_snippet_checks": 35,
      "snippet_rejected": 24,
      "snippet_open": 6,
      "snippet_completed": 2,
      "snippet_resource_exhausted": 2,
      "snippet_unknown": 1,
      "snippet_reused": 0,
      "snippet_requests": 35
    },
    "pricing": {
      "input": 6741494,
      "cached": 4026708,
      "output": 219235,
      "dated_tariff_cost": 0.8865733600000001,
      "no_cache_cost": 1.6113808,
      "cache_fraction": 0.597302022370709
    }
  },
  "writing/all": {
    "cells": 18,
    "solved": 0,
    "cost": 0.049753599999999995,
    "cost_per_qualified_solve": null,
    "platform_failed": 0,
    "tool_exposed_cells": 0,
    "tool_totals": {
      "model_requests": 18,
      "tool_advertised_requests": 18,
      "real_snippet_checks": 0,
      "snippet_rejected": 0,
      "snippet_open": 0,
      "snippet_completed": 0,
      "snippet_resource_exhausted": 0,
      "snippet_unknown": 0,
      "snippet_reused": 0,
      "snippet_requests": 0
    },
    "pricing": {
      "input": 223154,
      "cached": 0,
      "output": 4269,
      "dated_tariff_cost": 0.049753599999999995,
      "no_cache_cost": 0.049753599999999995,
      "cache_fraction": 0.0
    }
  }
}
