Checking main project
pyright
0 errors, 0 warnings, 0 informations
WARNING: there is a new pyright version available (v1.1.409 -> v1.1.414).
Please install the new version or set PYRIGHT_PYTHON_FORCE_VERSION to `latest`



Checking find_invariants
pyright examples/find_invariants
/home/guille/anaconda3/envs/guille/delphyne/examples/find_invariants/why3_utils.py
  /home/guille/anaconda3/envs/guille/delphyne/examples/find_invariants/why3_utils.py:65:12 - error: Import "why3py.simple" could not be resolved (reportMissingImports)
  /home/guille/anaconda3/envs/guille/delphyne/examples/find_invariants/why3_utils.py:67:5 - error: Type of "outcome" is unknown (reportUnknownVariableType)
  /home/guille/anaconda3/envs/guille/delphyne/examples/find_invariants/why3_utils.py:67:15 - error: Type of "check_file" is unknown (reportUnknownMemberType)
  /home/guille/anaconda3/envs/guille/delphyne/examples/find_invariants/why3_utils.py:68:8 - error: Type of "kind" is unknown (reportUnknownMemberType)
  /home/guille/anaconda3/envs/guille/delphyne/examples/find_invariants/why3_utils.py:68:35 - error: Type of "kind" is unknown (reportUnknownMemberType)
  /home/guille/anaconda3/envs/guille/delphyne/examples/find_invariants/why3_utils.py:69:31 - error: Type of "summary" is unknown (reportUnknownMemberType)
  /home/guille/anaconda3/envs/guille/delphyne/examples/find_invariants/why3_utils.py:69:31 - error: Argument type is unknown
    Argument corresponds to parameter "error" in function "__init__" (reportUnknownArgumentType)
  /home/guille/anaconda3/envs/guille/delphyne/examples/find_invariants/why3_utils.py:72:13 - error: Type of "name" is unknown (reportUnknownMemberType)
  /home/guille/anaconda3/envs/guille/delphyne/examples/find_invariants/why3_utils.py:72:13 - error: Argument type is unknown
    Argument corresponds to parameter "name" in function "__init__" (reportUnknownArgumentType)
  /home/guille/anaconda3/envs/guille/delphyne/examples/find_invariants/why3_utils.py:72:23 - error: Type of "proved" is unknown (reportUnknownMemberType)
  /home/guille/anaconda3/envs/guille/delphyne/examples/find_invariants/why3_utils.py:72:23 - error: Argument type is unknown
    Argument corresponds to parameter "proved" in function "__init__" (reportUnknownArgumentType)
  /home/guille/anaconda3/envs/guille/delphyne/examples/find_invariants/why3_utils.py:72:35 - error: Type of "annotated" is unknown (reportUnknownMemberType)
  /home/guille/anaconda3/envs/guille/delphyne/examples/find_invariants/why3_utils.py:72:35 - error: Argument type is unknown
    Argument corresponds to parameter "relevance_hints" in function "__init__" (reportUnknownArgumentType)
  /home/guille/anaconda3/envs/guille/delphyne/examples/find_invariants/why3_utils.py:72:64 - error: Type of "goal" is unknown (reportUnknownMemberType)
  /home/guille/anaconda3/envs/guille/delphyne/examples/find_invariants/why3_utils.py:72:64 - error: Argument type is unknown
    Argument corresponds to parameter "descr" in function "_goal_formula" (reportUnknownArgumentType)
  /home/guille/anaconda3/envs/guille/delphyne/examples/find_invariants/why3_utils.py:74:13 - error: Type of "obl" is unknown (reportUnknownVariableType)
  /home/guille/anaconda3/envs/guille/delphyne/examples/find_invariants/why3_utils.py:74:20 - error: Type of "obligations" is unknown (reportUnknownMemberType)
17 errors, 0 warnings, 0 informations
WARNING: there is a new pyright version available (v1.1.409 -> v1.1.414).
Please install the new version or set PYRIGHT_PYTHON_FORCE_VERSION to `latest`

make: *** [Makefile:39: pyright] Error 1
